=== RUN   TestSparseDirectoryTimesOnlyVisitsRecordedAncestors
--- PASS: TestSparseDirectoryTimesOnlyVisitsRecordedAncestors (0.00s)
=== RUN   TestSparseDirectoryTimesSkipsDeletedAndReplacedSubtrees
=== RUN   TestSparseDirectoryTimesSkipsDeletedAndReplacedSubtrees/deleted
=== RUN   TestSparseDirectoryTimesSkipsDeletedAndReplacedSubtrees/file
=== RUN   TestSparseDirectoryTimesSkipsDeletedAndReplacedSubtrees/symlink
--- PASS: TestSparseDirectoryTimesSkipsDeletedAndReplacedSubtrees (0.00s)
    --- PASS: TestSparseDirectoryTimesSkipsDeletedAndReplacedSubtrees/deleted (0.00s)
    --- PASS: TestSparseDirectoryTimesSkipsDeletedAndReplacedSubtrees/file (0.00s)
    --- PASS: TestSparseDirectoryTimesSkipsDeletedAndReplacedSubtrees/symlink (0.00s)
=== RUN   TestSparseDirectoryTimesRootSymlinkAndRelevantErrors
--- PASS: TestSparseDirectoryTimesRootSymlinkAndRelevantErrors (0.00s)
=== RUN   TestSparseDirectoryTimesPreservesWalkOrderAndSharedAncestors
--- PASS: TestSparseDirectoryTimesPreservesWalkOrderAndSharedAncestors (0.00s)
=== RUN   TestSparseDiskWriterWaitsForDataAndRestoresDirectoryTimes
--- PASS: TestSparseDiskWriterWaitsForDataAndRestoresDirectoryTimes (0.00s)
=== RUN   TestSparseReceiveMergePreservesUnchangedAndNonMergeDeletes
=== RUN   TestSparseReceiveMergePreservesUnchangedAndNonMergeDeletes/merge
=== RUN   TestSparseReceiveMergePreservesUnchangedAndNonMergeDeletes/replace
--- PASS: TestSparseReceiveMergePreservesUnchangedAndNonMergeDeletes (0.00s)
    --- PASS: TestSparseReceiveMergePreservesUnchangedAndNonMergeDeletes/merge (0.00s)
    --- PASS: TestSparseReceiveMergePreservesUnchangedAndNonMergeDeletes/replace (0.00s)
=== RUN   TestSparseExportIndependentPermissions
--- PASS: TestSparseExportIndependentPermissions (0.00s)
=== RUN   TestSparseDirectoryTimesWindowsRootSpelling
    diskwriter_test.go:282: Windows path and volume semantics
--- SKIP: TestSparseDirectoryTimesWindowsRootSpelling (0.00s)
=== RUN   TestFilterFSPrunesExcludedDirectoriesByPatternPrecedence
=== RUN   TestFilterFSPrunesExcludedDirectoriesByPatternPrecedence/later_exclude_overrides_wildcard_re-include
=== RUN   TestFilterFSPrunesExcludedDirectoriesByPatternPrecedence/later_re-include_may_match_excluded_subtree
=== RUN   TestFilterFSPrunesExcludedDirectoriesByPatternPrecedence/later_literal_re-include_points_into_excluded_subtree
=== RUN   TestFilterFSPrunesExcludedDirectoriesByPatternPrecedence/later_re-include_points_elsewhere
--- PASS: TestFilterFSPrunesExcludedDirectoriesByPatternPrecedence (0.00s)
    --- PASS: TestFilterFSPrunesExcludedDirectoriesByPatternPrecedence/later_exclude_overrides_wildcard_re-include (0.00s)
    --- PASS: TestFilterFSPrunesExcludedDirectoriesByPatternPrecedence/later_re-include_may_match_excluded_subtree (0.00s)
    --- PASS: TestFilterFSPrunesExcludedDirectoriesByPatternPrecedence/later_literal_re-include_points_into_excluded_subtree (0.00s)
    --- PASS: TestFilterFSPrunesExcludedDirectoriesByPatternPrecedence/later_re-include_points_elsewhere (0.00s)
PASS
ok  	github.com/dagger/dagger/internal/fsutil	0.009s
