0 before: 1.84s
0 after: 1.81s
1 after: 1.79s
1 before: 1.71s
2 before: 1.74s
2 after: 1.86s
3 after: 1.91s
3 before: 1.77s
4 before: 1.80s
4 after: 1.82s
5 after: 1.81s
5 before: 1.77s
6 before: 1.82s
6 after: 1.80s
7 after: 1.80s
7 before: 1.76s
[
  {
    "keys": 1,
    "before": {
      "ns_per_op": 1551.0,
      "bytes_per_op": 1977.0,
      "allocs_per_op": 13.0,
      "range_ns": [
        1527.0,
        1568.0
      ]
    },
    "after": {
      "ns_per_op": 1560.0,
      "bytes_per_op": 1977.0,
      "allocs_per_op": 13.0,
      "range_ns": [
        1527.0,
        1749.0
      ]
    },
    "speedup": 0.9942307692307693
  },
  {
    "keys": 10,
    "before": {
      "ns_per_op": 15645.0,
      "bytes_per_op": 20407.0,
      "allocs_per_op": 128.0,
      "range_ns": [
        15378.0,
        16098.0
      ]
    },
    "after": {
      "ns_per_op": 16317.5,
      "bytes_per_op": 21391.0,
      "allocs_per_op": 132.0,
      "range_ns": [
        15968.0,
        16853.0
      ]
    },
    "speedup": 0.9587865788264134
  },
  {
    "keys": 100,
    "before": {
      "ns_per_op": 170205.0,
      "bytes_per_op": 203551.5,
      "allocs_per_op": 1214.0,
      "range_ns": [
        166928.0,
        178886.0
      ]
    },
    "after": {
      "ns_per_op": 163241.0,
      "bytes_per_op": 209857.0,
      "allocs_per_op": 1222.0,
      "range_ns": [
        160866.0,
        176838.0
      ]
    },
    "speedup": 1.0426608511342126
  },
  {
    "keys": 1000,
    "before": {
      "ns_per_op": 2991007.0,
      "bytes_per_op": 2021788.5,
      "allocs_per_op": 12025.0,
      "range_ns": [
        2970361.0,
        3077880.0
      ]
    },
    "after": {
      "ns_per_op": 1609029.5,
      "bytes_per_op": 2130232.5,
      "allocs_per_op": 12044.0,
      "range_ns": [
        1577283.0,
        1684917.0
      ]
    },
    "speedup": 1.8588888519446038
  },
  {
    "keys": 10000,
    "before": {
      "ns_per_op": 172196031.0,
      "bytes_per_op": 20662260.0,
      "allocs_per_op": 120062.5,
      "range_ns": [
        170916374.0,
        174010003.0
      ]
    },
    "after": {
      "ns_per_op": 16181570.5,
      "bytes_per_op": 21532767.5,
      "allocs_per_op": 120127.5,
      "range_ns": [
        16012824.0,
        16461477.0
      ]
    },
    "speedup": 10.641490638995764
  }
]
