=== RUN   TestChoiceStatisticsDefault
--- PASS: TestChoiceStatisticsDefault (0.00s)
=== RUN   TestChoiceStatisticsRestore
--- PASS: TestChoiceStatisticsRestore (0.00s)
=== RUN   TestChoiceStatisticsAccumulate
--- PASS: TestChoiceStatisticsAccumulate (0.00s)
=== RUN   TestChoiceStatisticsParseParity
--- PASS: TestChoiceStatisticsParseParity (0.00s)
=== RUN   TestChoiceAltStatistics
--- PASS: TestChoiceAltStatistics (0.00s)
=== RUN   TestChoiceStatisticsDefault
--- PASS: TestChoiceStatisticsDefault (0.00s)
=== RUN   TestChoiceStatisticsRestore
--- PASS: TestChoiceStatisticsRestore (0.00s)
=== RUN   TestChoiceStatisticsAccumulate
--- PASS: TestChoiceStatisticsAccumulate (0.00s)
=== RUN   TestChoiceStatisticsParseParity
--- PASS: TestChoiceStatisticsParseParity (0.00s)
=== RUN   TestChoiceAltStatistics
--- PASS: TestChoiceAltStatistics (0.00s)
=== RUN   TestChoiceStatisticsDefault
--- PASS: TestChoiceStatisticsDefault (0.00s)
=== RUN   TestChoiceStatisticsRestore
--- PASS: TestChoiceStatisticsRestore (0.00s)
=== RUN   TestChoiceStatisticsAccumulate
--- PASS: TestChoiceStatisticsAccumulate (0.00s)
=== RUN   TestChoiceStatisticsParseParity
--- PASS: TestChoiceStatisticsParseParity (0.00s)
=== RUN   TestChoiceAltStatistics
--- PASS: TestChoiceAltStatistics (0.00s)
=== RUN   TestChoiceStatisticsDefault
--- PASS: TestChoiceStatisticsDefault (0.00s)
=== RUN   TestChoiceStatisticsRestore
--- PASS: TestChoiceStatisticsRestore (0.00s)
=== RUN   TestChoiceStatisticsAccumulate
--- PASS: TestChoiceStatisticsAccumulate (0.00s)
=== RUN   TestChoiceStatisticsParseParity
--- PASS: TestChoiceStatisticsParseParity (0.00s)
=== RUN   TestChoiceAltStatistics
--- PASS: TestChoiceAltStatistics (0.00s)
=== RUN   TestChoiceStatisticsDefault
--- PASS: TestChoiceStatisticsDefault (0.00s)
=== RUN   TestChoiceStatisticsRestore
--- PASS: TestChoiceStatisticsRestore (0.00s)
=== RUN   TestChoiceStatisticsAccumulate
--- PASS: TestChoiceStatisticsAccumulate (0.00s)
=== RUN   TestChoiceStatisticsParseParity
--- PASS: TestChoiceStatisticsParseParity (0.00s)
=== RUN   TestChoiceAltStatistics
--- PASS: TestChoiceAltStatistics (0.00s)
=== RUN   TestChoiceStatisticsDefault
--- PASS: TestChoiceStatisticsDefault (0.00s)
=== RUN   TestChoiceStatisticsRestore
--- PASS: TestChoiceStatisticsRestore (0.00s)
=== RUN   TestChoiceStatisticsAccumulate
--- PASS: TestChoiceStatisticsAccumulate (0.00s)
=== RUN   TestChoiceStatisticsParseParity
--- PASS: TestChoiceStatisticsParseParity (0.00s)
=== RUN   TestChoiceAltStatistics
--- PASS: TestChoiceAltStatistics (0.00s)
=== RUN   TestChoiceStatisticsDefault
--- PASS: TestChoiceStatisticsDefault (0.00s)
=== RUN   TestChoiceStatisticsRestore
--- PASS: TestChoiceStatisticsRestore (0.00s)
=== RUN   TestChoiceStatisticsAccumulate
--- PASS: TestChoiceStatisticsAccumulate (0.00s)
=== RUN   TestChoiceStatisticsParseParity
--- PASS: TestChoiceStatisticsParseParity (0.00s)
=== RUN   TestChoiceAltStatistics
--- PASS: TestChoiceAltStatistics (0.00s)
=== RUN   TestChoiceStatisticsDefault
--- PASS: TestChoiceStatisticsDefault (0.00s)
=== RUN   TestChoiceStatisticsRestore
--- PASS: TestChoiceStatisticsRestore (0.00s)
=== RUN   TestChoiceStatisticsAccumulate
--- PASS: TestChoiceStatisticsAccumulate (0.00s)
=== RUN   TestChoiceStatisticsParseParity
--- PASS: TestChoiceStatisticsParseParity (0.00s)
=== RUN   TestChoiceAltStatistics
--- PASS: TestChoiceAltStatistics (0.00s)
=== RUN   TestChoiceStatisticsDefault
--- PASS: TestChoiceStatisticsDefault (0.00s)
=== RUN   TestChoiceStatisticsRestore
--- PASS: TestChoiceStatisticsRestore (0.00s)
=== RUN   TestChoiceStatisticsAccumulate
--- PASS: TestChoiceStatisticsAccumulate (0.00s)
=== RUN   TestChoiceStatisticsParseParity
--- PASS: TestChoiceStatisticsParseParity (0.00s)
=== RUN   TestChoiceAltStatistics
--- PASS: TestChoiceAltStatistics (0.00s)
=== RUN   TestChoiceStatisticsDefault
--- PASS: TestChoiceStatisticsDefault (0.00s)
=== RUN   TestChoiceStatisticsRestore
--- PASS: TestChoiceStatisticsRestore (0.00s)
=== RUN   TestChoiceStatisticsAccumulate
--- PASS: TestChoiceStatisticsAccumulate (0.00s)
=== RUN   TestChoiceStatisticsParseParity
--- PASS: TestChoiceStatisticsParseParity (0.00s)
=== RUN   TestChoiceAltStatistics
--- PASS: TestChoiceAltStatistics (0.00s)
PASS
ok  	github.com/mna/pigeon/examples/json	1.067s
