=== RUN   TestChoiceStatisticsDefault
--- PASS: TestChoiceStatisticsDefault (0.00s)
=== RUN   TestChoiceStatisticsRestore
--- PASS: TestChoiceStatisticsRestore (0.00s)
=== RUN   TestChoiceStatisticsAccumulate
--- PASS: TestChoiceStatisticsAccumulate (0.00s)
=== RUN   TestChoiceStatisticsParseParity
--- PASS: TestChoiceStatisticsParseParity (0.00s)
=== RUN   TestChoiceAltStatistics
--- PASS: TestChoiceAltStatistics (0.00s)
PASS
ok  	github.com/mna/pigeon/examples/json	1.020s
=== RUN   TestChoiceStatisticsASTComparator
--- PASS: TestChoiceStatisticsASTComparator (0.01s)
=== RUN   TestChoiceStatisticsDefaultAndUndo
--- PASS: TestChoiceStatisticsDefaultAndUndo (0.00s)
=== RUN   TestChoiceStatisticsCorpusParity
    choice_statistics_test.go:132: AST/error/source-location parity across 480 unchanged .dang files
--- PASS: TestChoiceStatisticsCorpusParity (38.87s)
=== RUN   TestChoiceStatisticsOptionsParity
--- PASS: TestChoiceStatisticsOptionsParity (0.03s)
PASS
ok  	github.com/vito/dang/v2/pkg/dang	39.941s
goos: linux
goarch: amd64
pkg: github.com/vito/dang/v2/pkg/dang
cpu: Intel(R) Core(TM) i5-9300H CPU @ 2.40GHz
BenchmarkRustModuleParseChoiceStatistics/counted=false-8         	       1	  11214162 ns/op	   0.33 MB/s	 3860408 B/op	   59400 allocs/op
PASS
ok  	github.com/vito/dang/v2/pkg/dang	0.017s
