0 before: 1.82s
0 after: 1.82s
1 after: 1.81s
1 before: 1.75s
2 before: 1.70s
2 after: 1.83s
3 after: 1.81s
3 before: 1.80s
4 before: 1.72s
4 after: 1.81s
5 after: 1.78s
5 before: 1.78s
6 before: 1.74s
6 after: 1.75s
7 after: 1.79s
7 before: 1.75s
[
  {
    "keys": 1,
    "before": {
      "ns_per_op": 1538.5,
      "bytes_per_op": 1977.0,
      "allocs_per_op": 13.0,
      "range_ns": [
        1516.0,
        1567.0
      ]
    },
    "after": {
      "ns_per_op": 1697.0,
      "bytes_per_op": 2233.0,
      "allocs_per_op": 15.0,
      "range_ns": [
        1666.0,
        1770.0
      ]
    },
    "speedup": 0.9065998821449617
  },
  {
    "keys": 10,
    "before": {
      "ns_per_op": 15797.5,
      "bytes_per_op": 20407.0,
      "allocs_per_op": 128.0,
      "range_ns": [
        15557.0,
        15970.0
      ]
    },
    "after": {
      "ns_per_op": 16815.5,
      "bytes_per_op": 21119.0,
      "allocs_per_op": 133.0,
      "range_ns": [
        16224.0,
        21033.0
      ]
    },
    "speedup": 0.9394606166929321
  },
  {
    "keys": 100,
    "before": {
      "ns_per_op": 170732.5,
      "bytes_per_op": 203553.5,
      "allocs_per_op": 1214.0,
      "range_ns": [
        168506.0,
        180271.0
      ]
    },
    "after": {
      "ns_per_op": 162280.5,
      "bytes_per_op": 210510.5,
      "allocs_per_op": 1225.0,
      "range_ns": [
        160374.0,
        171129.0
      ]
    },
    "speedup": 1.0520826593460089
  },
  {
    "keys": 1000,
    "before": {
      "ns_per_op": 3056966.5,
      "bytes_per_op": 2021826.5,
      "allocs_per_op": 12025.0,
      "range_ns": [
        3013940.0,
        3484574.0
      ]
    },
    "after": {
      "ns_per_op": 1598548.5,
      "bytes_per_op": 2130890.0,
      "allocs_per_op": 12047.0,
      "range_ns": [
        1580896.0,
        1732514.0
      ]
    },
    "speedup": 1.9123389124571448
  },
  {
    "keys": 10000,
    "before": {
      "ns_per_op": 172214435.0,
      "bytes_per_op": 20662212.0,
      "allocs_per_op": 120063.0,
      "range_ns": [
        171316973.0,
        172737854.0
      ]
    },
    "after": {
      "ns_per_op": 16128624.0,
      "bytes_per_op": 21533639.0,
      "allocs_per_op": 120133.0,
      "range_ns": [
        15920692.0,
        16604990.0
      ]
    },
    "speedup": 10.677565240531369
  }
]
